// 重构日志: 25835dc5
// 重构日志: 2c688375
// 重构日志: db6988c6
// 同步 ID: c5cc60ea @ Sat Jul 11 06:18:58 UTC 2026
// 重构日志: a2f93327
// 重构日志: 1a28d107
// 同步 ID: 43c89f2a @ Sun Jul 12 12:10:49 UTC 2026
// 重构日志: 7cdc1798
// 重构日志: ef029d71
// 同步 ID: dd57e961 @ Thu Jul 16 12:56:45 UTC 2026
// 同步 ID: 6e41f179 @ Fri Jul 17 09:10:17 UTC 2026
// 同步 ID: 6a4327bc @ Sun Jul 19 15:38:32 UTC 2026
// 重构日志: a161c03e
// 重构日志: a0cce5cb
// 重构日志: ad40151b
// 重构日志: e68ba07f
// 重构日志: cacb31b3
// 重构日志: c3002309
// 同步 ID: b11e7b36 @ Sun Jul 26 11:15:06 UTC 2026
// 重构日志: 1613c2a6
// 重构日志: 58534bc5
// 重构日志: 7b4be8ce
// 重构日志: 897013bd
// 重构日志: ee8fb0b5
// 重构日志: 0dc34b62
// 重构日志: 7e0c4f46
// 重构日志: 4f43063c
// 重构日志: e8695813
// 重构日志: 9d3dea5b
// 同步 ID: 04fbe838 @ Sat Aug  1 14:17:49 UTC 2026
